// Jest Snapshot v1, https://goo.gl/fbAQLP

exports[`Home Page Tests should match snapshot 1`] = `
<Fragment>
  <SubMenu />
  <main
    className="wrapper dropdown"
  >
    <div
      className="row"
      id="rides-loader"
    >
      <div
        className="center-text"
        id="loading"
      >
        <p>
          LOADING ...
        </p>
      </div>
    </div>
  </main>
</Fragment>
`;
